warning: the feature `track_caller` is incomplete and may cause the compiler to crash
  --> $DIR/const-caller-location.rs:3:39
   |
LL | #![feature(const_fn, core_intrinsics, track_caller)]
   |                                       ^^^^^^^^^^^^
   |
   = note: `#[warn(incomplete_features)]` on by default

