error[E0072]: recursive type `Foo` has infinite size
  --> $DIR/issue-17431-6.rs:3:1
   |
LL | enum Foo { X(Mutex<Option<Foo>>) }
   | ^^^^^^^^     ------------------ recursive without indirection
   | |
   | recursive type has infinite size
   |
help: insert some indirection to make `Foo` representable
   |
LL | enum Foo { X(Box<Mutex<Option<Foo>>>) }
   |              ^^^^                  ^
LL | enum Foo { X(Rc<Mutex<Option<Foo>>>) }
   |              ^^^                  ^
LL | enum Foo { X(&Mutex<Option<Foo>>) }
   |              ^

error: aborting due to previous error

For more information about this error, try `rustc --explain E0072`.
