warning: suspicious monomorphization of `volatile_copy_memory` intrinsic
  --> $DIR/issue-39827.rs:26:9
   |
26 |         volatile_copy_memory(&mut dst_pair, &dst_pair, COUNT_0);
   |         ^^^^^^^^^^^^^^^^^^^^^^^^^^^^^^^^^^^^^^^^^^^^^^^^^^^^^^^
   |
   = note: 'volatile_copy_memory' was specialized with type '(i32, i32)', number of elements is 0

warning: suspicious monomorphization of `volatile_copy_nonoverlapping_memory` intrinsic
  --> $DIR/issue-39827.rs:27:9
   |
27 |         volatile_copy_nonoverlapping_memory(&mut dst_pair, &src_pair, 0);
   |         ^^^^^^^^^^^^^^^^^^^^^^^^^^^^^^^^^^^^^^^^^^^^^^^^^^^^^^^^^^^^^^^^
   |
   = note: 'volatile_copy_nonoverlapping_memory' was specialized with type '(i32, i32)', number of elements is 0

warning: suspicious monomorphization of `volatile_copy_memory` intrinsic
  --> $DIR/issue-39827.rs:28:9
   |
28 |         volatile_copy_memory(&mut dst_empty, &dst_empty, 100);
   |         ^^^^^^^^^^^^^^^^^^^^^^^^^^^^^^^^^^^^^^^^^^^^^^^^^^^^^
   |
   = note: 'volatile_copy_memory' was specialized with type '()', number of elements is 100

warning: suspicious monomorphization of `volatile_copy_nonoverlapping_memory` intrinsic
  --> $DIR/issue-39827.rs:29:9
   |
29 | /         volatile_copy_nonoverlapping_memory(&mut dst_empty, &src_empty,
30 | |                                             COUNT_100);
   | |______________________________________________________^
   |
   = note: 'volatile_copy_nonoverlapping_memory' was specialized with type '()', number of elements is 100

warning: suspicious monomorphization of `volatile_set_memory` intrinsic
  --> $DIR/issue-39827.rs:31:9
   |
31 |         volatile_set_memory(&mut dst_empty, 0, COUNT_100);
   |         ^^^^^^^^^^^^^^^^^^^^^^^^^^^^^^^^^^^^^^^^^^^^^^^^^
   |
   = note: 'volatile_set_memory' was specialized with type '()', number of elements is 100

warning: suspicious monomorphization of `volatile_set_memory` intrinsic
  --> $DIR/issue-39827.rs:32:9
   |
32 |         volatile_set_memory(&mut dst_pair, 0, COUNT_0);
   |         ^^^^^^^^^^^^^^^^^^^^^^^^^^^^^^^^^^^^^^^^^^^^^^
   |
   = note: 'volatile_set_memory' was specialized with type '(i32, i32)', number of elements is 0

warning: suspicious monomorphization of `volatile_store` intrinsic
  --> $DIR/issue-39827.rs:33:9
   |
33 |         volatile_store(&mut dst_empty, ());
   |         ^^^^^^^^^^^^^^^^^^^^^^^^^^^^^^^^^^
   |
   = note: 'volatile_store' was specialized with zero-sized type '()'

warning: suspicious monomorphization of `volatile_store` intrinsic
  --> $DIR/issue-39827.rs:34:9
   |
34 |         volatile_store(&mut dst_empty, src_empty);
   |         ^^^^^^^^^^^^^^^^^^^^^^^^^^^^^^^^^^^^^^^^^
   |
   = note: 'volatile_store' was specialized with zero-sized type '()'

warning: suspicious monomorphization of `volatile_load` intrinsic
  --> $DIR/issue-39827.rs:35:9
   |
35 |         volatile_load(&src_empty);
   |         ^^^^^^^^^^^^^^^^^^^^^^^^^
   |
   = note: 'volatile_load' was specialized with zero-sized type '()'

