warning: bounds on generic type parameters are ignored in type aliases
  --> $DIR/param-bounds-ignored.rs:16:14
   |
LL | type SVec<T: Send+Send> = Vec<T>;
   |              ^^^^ ^^^^
   |
   = note: #[warn(ignored_generic_bounds)] on by default

warning: bounds on generic lifetime parameters are ignored in type aliases
  --> $DIR/param-bounds-ignored.rs:18:19
   |
LL | type VVec<'b, 'a: 'b+'b> = Vec<&'a i32>;
   |                   ^^ ^^

warning: bounds on generic type parameters are ignored in type aliases
  --> $DIR/param-bounds-ignored.rs:20:18
   |
LL | type WVec<'b, T: 'b+'b> = Vec<T>;
   |                  ^^ ^^

warning: where clauses are ignored in type aliases
  --> $DIR/param-bounds-ignored.rs:22:25
   |
LL | type W2Vec<'b, T> where T: 'b, T: 'b = Vec<T>;
   |                         ^^^^^  ^^^^^

warning: bounds on generic lifetime parameters are ignored in higher-ranked function types (i.e., `for`)
  --> $DIR/param-bounds-ignored.rs:43:22
   |
LL |     f: for<'xa, 'xb: 'xa> fn(&'xa i32, &'xb i32) -> &'xa i32)
   |                      ^^^

warning: bounds on generic lifetime parameters are ignored in higher-ranked trait bounds (i.e., `for`)
  --> $DIR/param-bounds-ignored.rs:51:34
   |
LL | fn bar2<'a, 'b, F: for<'xa, 'xb: 'xa> Fn(&'xa i32, &'xb i32) -> &'xa i32>(
   |                                  ^^^

warning: bounds on generic lifetime parameters are ignored in higher-ranked trait bounds (i.e., `for`)
  --> $DIR/param-bounds-ignored.rs:66:28
   |
LL |     where F: for<'xa, 'xb: 'xa> Fn(&'xa i32, &'xb i32) -> &'xa i32
   |                            ^^^

warning: bounds on generic lifetime parameters are ignored in higher-ranked trait bounds (i.e., `for`)
  --> $DIR/param-bounds-ignored.rs:78:25
   |
LL |     where for<'xa, 'xb: 'xa> F: Fn(&'xa i32, &'xb i32) -> &'xa i32
   |                         ^^^

warning: bounds on generic lifetime parameters are ignored in higher-ranked trait bounds (i.e., `for`)
  --> $DIR/param-bounds-ignored.rs:86:28
   |
LL | struct S1<F: for<'xa, 'xb: 'xa> Fn(&'xa i32, &'xb i32) -> &'xa i32>(F);
   |                            ^^^

warning: bounds on generic lifetime parameters are ignored in higher-ranked trait bounds (i.e., `for`)
  --> $DIR/param-bounds-ignored.rs:88:40
   |
LL | struct S2<F>(F) where F: for<'xa, 'xb: 'xa> Fn(&'xa i32, &'xb i32) -> &'xa i32;
   |                                        ^^^

warning: bounds on generic lifetime parameters are ignored in higher-ranked trait bounds (i.e., `for`)
  --> $DIR/param-bounds-ignored.rs:90:37
   |
LL | struct S3<F>(F) where for<'xa, 'xb: 'xa> F: Fn(&'xa i32, &'xb i32) -> &'xa i32;
   |                                     ^^^

warning: bounds on generic lifetime parameters are ignored in higher-ranked function types (i.e., `for`)
  --> $DIR/param-bounds-ignored.rs:93:29
   |
LL | struct S_fnty(for<'xa, 'xb: 'xa> fn(&'xa i32, &'xb i32) -> &'xa i32);
   |                             ^^^

warning: bounds on generic lifetime parameters are ignored in higher-ranked trait bounds (i.e., `for`)
  --> $DIR/param-bounds-ignored.rs:96:29
   |
LL | type T1 = Box<for<'xa, 'xb: 'xa> Fn(&'xa i32, &'xb i32) -> &'xa i32>;
   |                             ^^^

warning: bounds on generic lifetime parameters are ignored in higher-ranked function types (i.e., `for`)
  --> $DIR/param-bounds-ignored.rs:100:34
   |
LL |     let _ : Option<for<'xa, 'xb: 'xa> fn(&'xa i32, &'xb i32) -> &'xa i32> = None;
   |                                  ^^^

warning: bounds on generic lifetime parameters are ignored in higher-ranked trait bounds (i.e., `for`)
  --> $DIR/param-bounds-ignored.rs:102:38
   |
LL |     let _ : Option<Box<for<'xa, 'xb: 'xa> Fn(&'xa i32, &'xb i32) -> &'xa i32>> = None;
   |                                      ^^^

