error: use of a blacklisted/placeholder name `foo`
  --> $DIR/blacklisted_name.rs:17:9
   |
17 | fn test(foo: ()) {}
   |         ^^^
   |
   = note: `-D clippy::blacklisted-name` implied by `-D warnings`

error: use of a blacklisted/placeholder name `foo`
  --> $DIR/blacklisted_name.rs:20:9
   |
20 |     let foo = 42;
   |         ^^^

error: use of a blacklisted/placeholder name `bar`
  --> $DIR/blacklisted_name.rs:21:9
   |
21 |     let bar = 42;
   |         ^^^

error: use of a blacklisted/placeholder name `baz`
  --> $DIR/blacklisted_name.rs:22:9
   |
22 |     let baz = 42;
   |         ^^^

error: use of a blacklisted/placeholder name `foo`
  --> $DIR/blacklisted_name.rs:28:10
   |
28 |         (foo, Some(bar), baz @ Some(_)) => (),
   |          ^^^

error: use of a blacklisted/placeholder name `bar`
  --> $DIR/blacklisted_name.rs:28:20
   |
28 |         (foo, Some(bar), baz @ Some(_)) => (),
   |                    ^^^

error: use of a blacklisted/placeholder name `baz`
  --> $DIR/blacklisted_name.rs:28:26
   |
28 |         (foo, Some(bar), baz @ Some(_)) => (),
   |                          ^^^

error: use of a blacklisted/placeholder name `foo`
  --> $DIR/blacklisted_name.rs:33:19
   |
33 | fn issue_1647(mut foo: u8) {
   |                   ^^^

error: use of a blacklisted/placeholder name `bar`
  --> $DIR/blacklisted_name.rs:34:13
   |
34 |     let mut bar = 0;
   |             ^^^

error: use of a blacklisted/placeholder name `baz`
  --> $DIR/blacklisted_name.rs:35:21
   |
35 |     if let Some(mut baz) = Some(42) {}
   |                     ^^^

error: use of a blacklisted/placeholder name `bar`
  --> $DIR/blacklisted_name.rs:39:13
   |
39 |     let ref bar = 0;
   |             ^^^

error: use of a blacklisted/placeholder name `baz`
  --> $DIR/blacklisted_name.rs:40:21
   |
40 |     if let Some(ref baz) = Some(42) {}
   |                     ^^^

error: use of a blacklisted/placeholder name `bar`
  --> $DIR/blacklisted_name.rs:44:17
   |
44 |     let ref mut bar = 0;
   |                 ^^^

error: use of a blacklisted/placeholder name `baz`
  --> $DIR/blacklisted_name.rs:45:25
   |
45 |     if let Some(ref mut baz) = Some(42) {}
   |                         ^^^

error: aborting due to 14 previous errors

