error: consider implementing `FromStr` instead
 --> $DIR/impl_from_str.rs:3:1
  |
3 | / impl From<String> for Foo {
4 | |     fn from(s: String) -> Self {
5 | |         Foo(s.parse().unwrap())
6 | |     }
7 | | }
  | |_^
  |
  = note: `-D impl-from-str` implied by `-D warnings`
note: potential failure(s)
 --> $DIR/impl_from_str.rs:5:13
  |
5 |         Foo(s.parse().unwrap())
  |             ^^^^^^^^^^^^^^^^^^

error: consider implementing `FromStr` instead
  --> $DIR/impl_from_str.rs:34:1
   |
34 | / impl<'a> From<&'a str> for Invalid {
35 | |     fn from(s: &'a str) -> Invalid {
36 | |         if !s.is_empty() {
37 | |             panic!();
...  |
40 | |     }
41 | | }
   | |_^
   |
note: potential failure(s)
  --> $DIR/impl_from_str.rs:37:13
   |
37 |             panic!();
   |             ^^^^^^^^^
   = note: this error originates in a macro outside of the current crate

error: consider implementing `FromStr` instead
  --> $DIR/impl_from_str.rs:43:1
   |
43 | / impl From<String> for Invalid {
44 | |     fn from(s: String) -> Invalid {
45 | |         if !s.is_empty() {
46 | |             panic!(42);
...  |
51 | |     }
52 | | }
   | |_^
   |
note: potential failure(s)
  --> $DIR/impl_from_str.rs:46:13
   |
46 |             panic!(42);
   |             ^^^^^^^^^^^
47 |         } else if s.parse::<u32>().unwrap() != 42 {
   |                   ^^^^^^^^^^^^^^^^^^^^^^^^^
48 |             panic!("{:?}", s);
   |             ^^^^^^^^^^^^^^^^^^
   = note: this error originates in a macro outside of the current crate

error: consider implementing `FromStr` instead
  --> $DIR/impl_from_str.rs:60:1
   |
60 | / impl<'a> From<&'a mut <Box<u32> as ProjStrTrait>::ProjString> for Invalid {
61 | |     fn from(s: &'a mut <Box<u32> as ProjStrTrait>::ProjString) -> Invalid {
62 | |         if s.parse::<u32>().ok().unwrap() != 42 {
63 | |             panic!("{:?}", s);
...  |
66 | |     }
67 | | }
   | |_^
   |
note: potential failure(s)
  --> $DIR/impl_from_str.rs:62:12
   |
62 |         if s.parse::<u32>().ok().unwrap() != 42 {
   |            ^^^^^^^^^^^^^^^^^^^^^^^^^^^^^^
63 |             panic!("{:?}", s);
   |             ^^^^^^^^^^^^^^^^^^
   = note: this error originates in a macro outside of the current crate

