error: Suspicious use of binary operator in `Add` impl
  --> $DIR/suspicious_arithmetic_impl.rs:24:20
   |
24 |         Foo(self.0 - other.0)
   |                    ^
   |
   = note: `-D clippy::suspicious-arithmetic-impl` implied by `-D warnings`

error: Suspicious use of binary operator in `AddAssign` impl
  --> $DIR/suspicious_arithmetic_impl.rs:30:23
   |
30 |         *self = *self - other;
   |                       ^
   |
   = note: #[deny(clippy::suspicious_op_assign_impl)] on by default

error: aborting due to 2 previous errors

