error[E0282]: type annotations needed
  --> $DIR/method-chain.rs:21:33
   |
LL |     Foo.bar().bar().bar().bar().baz();
   |                                 ^^^
   |
   = note: unable to infer the value of a const parameter

error: aborting due to previous error

For more information about this error, try `rustc --explain E0282`.
