error: trailing attribute after lifetime parameters
  --> $DIR/attrs-with-no-formal-in-generics-3.rs:8:38
   |
LL |     where Q: for <#[rustc_1] 'a, 'b, #[oops]> Fn(RefIntPair<'a,'b>) -> &'b u32
   |                                      ^^^^^^^ attributes must go before parameters

error[E0658]: unless otherwise specified, attributes with the prefix `rustc_` are reserved for internal compiler diagnostics (see issue #29642)
  --> $DIR/attrs-with-no-formal-in-generics-3.rs:8:19
   |
LL |     where Q: for <#[rustc_1] 'a, 'b, #[oops]> Fn(RefIntPair<'a,'b>) -> &'b u32
   |                   ^^^^^^^^^^
   |
   = help: add #![feature(rustc_attrs)] to the crate attributes to enable

error: aborting due to 2 previous errors

For more information about this error, try `rustc --explain E0658`.
