+---------------------------+------------+------------+------------+
| Item Type                 | Documented |      Total | Percentage |
+---------------------------+------------+------------+------------+
| Modules                   |          1 |          1 |     100.0% |
| Struct Fields             |          1 |          2 |      50.0% |
| Enums                     |          2 |          2 |     100.0% |
| Enum Variants             |          2 |          3 |      66.7% |
+---------------------------+------------+------------+------------+
| Total                     |          6 |          8 |      75.0% |
+---------------------------+------------+------------+------------+
